Archive member included to satisfy reference by file (symbol)

/Users/dstrebel/EclipseWorkspace/tools/gcc-arm-none-eabi-8-2018-q4-major/bin/../lib/gcc/arm-none-eabi/8.2.1/../../../../arm-none-eabi/lib/thumb/v7e-m/nofp/libg_nano.a(lib_a-errno.o)
                              ./system/src/newlib/_sbrk.o (__errno)
/Users/dstrebel/EclipseWorkspace/tools/gcc-arm-none-eabi-8-2018-q4-major/bin/../lib/gcc/arm-none-eabi/8.2.1/../../../../arm-none-eabi/lib/thumb/v7e-m/nofp/libg_nano.a(lib_a-impure.o)
                              /Users/dstrebel/EclipseWorkspace/tools/gcc-arm-none-eabi-8-2018-q4-major/bin/../lib/gcc/arm-none-eabi/8.2.1/../../../../arm-none-eabi/lib/thumb/v7e-m/nofp/libg_nano.a(lib_a-errno.o) (_impure_ptr)
/Users/dstrebel/EclipseWorkspace/tools/gcc-arm-none-eabi-8-2018-q4-major/bin/../lib/gcc/arm-none-eabi/8.2.1/../../../../arm-none-eabi/lib/thumb/v7e-m/nofp/libg_nano.a(lib_a-strlen.o)
                              ./system/src/diag/Trace.o (strlen)
/Users/dstrebel/EclipseWorkspace/tools/gcc-arm-none-eabi-8-2018-q4-major/bin/../lib/gcc/arm-none-eabi/8.2.1/../../../../arm-none-eabi/lib/thumb/v7e-m/nofp/libg_nano.a(lib_a-vsnprintf.o)
                              ./system/src/diag/Trace.o (vsnprintf)
/Users/dstrebel/EclipseWorkspace/tools/gcc-arm-none-eabi-8-2018-q4-major/bin/../lib/gcc/arm-none-eabi/8.2.1/../../../../arm-none-eabi/lib/thumb/v7e-m/nofp/libg_nano.a(lib_a-nano-svfprintf.o)
                              /Users/dstrebel/EclipseWorkspace/tools/gcc-arm-none-eabi-8-2018-q4-major/bin/../lib/gcc/arm-none-eabi/8.2.1/../../../../arm-none-eabi/lib/thumb/v7e-m/nofp/libg_nano.a(lib_a-vsnprintf.o) (_svfprintf_r)
/Users/dstrebel/EclipseWorkspace/tools/gcc-arm-none-eabi-8-2018-q4-major/bin/../lib/gcc/arm-none-eabi/8.2.1/../../../../arm-none-eabi/lib/thumb/v7e-m/nofp/libg_nano.a(lib_a-nano-vfprintf_i.o)
                              /Users/dstrebel/EclipseWorkspace/tools/gcc-arm-none-eabi-8-2018-q4-major/bin/../lib/gcc/arm-none-eabi/8.2.1/../../../../arm-none-eabi/lib/thumb/v7e-m/nofp/libg_nano.a(lib_a-nano-svfprintf.o) (_printf_i)
/Users/dstrebel/EclipseWorkspace/tools/gcc-arm-none-eabi-8-2018-q4-major/bin/../lib/gcc/arm-none-eabi/8.2.1/../../../../arm-none-eabi/lib/thumb/v7e-m/nofp/libg_nano.a(lib_a-memchr.o)
                              /Users/dstrebel/EclipseWorkspace/tools/gcc-arm-none-eabi-8-2018-q4-major/bin/../lib/gcc/arm-none-eabi/8.2.1/../../../../arm-none-eabi/lib/thumb/v7e-m/nofp/libg_nano.a(lib_a-nano-svfprintf.o) (memchr)
/Users/dstrebel/EclipseWorkspace/tools/gcc-arm-none-eabi-8-2018-q4-major/bin/../lib/gcc/arm-none-eabi/8.2.1/../../../../arm-none-eabi/lib/thumb/v7e-m/nofp/libg_nano.a(lib_a-memcpy-stub.o)
                              /Users/dstrebel/EclipseWorkspace/tools/gcc-arm-none-eabi-8-2018-q4-major/bin/../lib/gcc/arm-none-eabi/8.2.1/../../../../arm-none-eabi/lib/thumb/v7e-m/nofp/libg_nano.a(lib_a-nano-svfprintf.o) (memcpy)
/Users/dstrebel/EclipseWorkspace/tools/gcc-arm-none-eabi-8-2018-q4-major/bin/../lib/gcc/arm-none-eabi/8.2.1/../../../../arm-none-eabi/lib/thumb/v7e-m/nofp/libg_nano.a(lib_a-memmove.o)
                              /Users/dstrebel/EclipseWorkspace/tools/gcc-arm-none-eabi-8-2018-q4-major/bin/../lib/gcc/arm-none-eabi/8.2.1/../../../../arm-none-eabi/lib/thumb/v7e-m/nofp/libg_nano.a(lib_a-nano-svfprintf.o) (memmove)
/Users/dstrebel/EclipseWorkspace/tools/gcc-arm-none-eabi-8-2018-q4-major/bin/../lib/gcc/arm-none-eabi/8.2.1/../../../../arm-none-eabi/lib/thumb/v7e-m/nofp/libg_nano.a(lib_a-nano-freer.o)
                              /Users/dstrebel/EclipseWorkspace/tools/gcc-arm-none-eabi-8-2018-q4-major/bin/../lib/gcc/arm-none-eabi/8.2.1/../../../../arm-none-eabi/lib/thumb/v7e-m/nofp/libg_nano.a(lib_a-nano-svfprintf.o) (_free_r)
/Users/dstrebel/EclipseWorkspace/tools/gcc-arm-none-eabi-8-2018-q4-major/bin/../lib/gcc/arm-none-eabi/8.2.1/../../../../arm-none-eabi/lib/thumb/v7e-m/nofp/libg_nano.a(lib_a-nano-mallocr.o)
                              /Users/dstrebel/EclipseWorkspace/tools/gcc-arm-none-eabi-8-2018-q4-major/bin/../lib/gcc/arm-none-eabi/8.2.1/../../../../arm-none-eabi/lib/thumb/v7e-m/nofp/libg_nano.a(lib_a-nano-svfprintf.o) (_malloc_r)
/Users/dstrebel/EclipseWorkspace/tools/gcc-arm-none-eabi-8-2018-q4-major/bin/../lib/gcc/arm-none-eabi/8.2.1/../../../../arm-none-eabi/lib/thumb/v7e-m/nofp/libg_nano.a(lib_a-nano-reallocr.o)
                              /Users/dstrebel/EclipseWorkspace/tools/gcc-arm-none-eabi-8-2018-q4-major/bin/../lib/gcc/arm-none-eabi/8.2.1/../../../../arm-none-eabi/lib/thumb/v7e-m/nofp/libg_nano.a(lib_a-nano-svfprintf.o) (_realloc_r)
/Users/dstrebel/EclipseWorkspace/tools/gcc-arm-none-eabi-8-2018-q4-major/bin/../lib/gcc/arm-none-eabi/8.2.1/../../../../arm-none-eabi/lib/thumb/v7e-m/nofp/libg_nano.a(lib_a-sbrkr.o)
                              /Users/dstrebel/EclipseWorkspace/tools/gcc-arm-none-eabi-8-2018-q4-major/bin/../lib/gcc/arm-none-eabi/8.2.1/../../../../arm-none-eabi/lib/thumb/v7e-m/nofp/libg_nano.a(lib_a-nano-mallocr.o) (_sbrk_r)
[...]
Memory Configuration

Name             Origin             Length             Attributes
RAM              0x0000000020000000 0x0000000000020000 xrw
CCMRAM           0x0000000010000000 0x0000000000010000 xrw
FLASH            0x0000000008000000 0x0000000000100000 xr
FLASHB1          0x0000000000000000 0x0000000000000000 xr
EXTMEMB0         0x0000000000000000 0x0000000000000000 xr
EXTMEMB1         0x0000000000000000 0x0000000000000000 xr
EXTMEMB2         0x0000000000000000 0x0000000000000000 xr
EXTMEMB3         0x0000000000000000 0x0000000000000000 xr
MEMORY_ARRAY     0x0000000020002000 0x0000000000000020 xrw
*default*        0x0000000000000000 0xffffffffffffffff

Linker script and memory map

LOAD ./system/src/stm32f4-hal/stm32f4xx_hal.o
LOAD ./system/src/stm32f4-hal/stm32f4xx_hal_cortex.o
LOAD ./system/src/stm32f4-hal/stm32f4xx_hal_dfsdm.o
LOAD ./system/src/stm32f4-hal/stm32f4xx_hal_flash.o
LOAD ./system/src/stm32f4-hal/stm32f4xx_hal_gpio.o
LOAD ./system/src/stm32f4-hal/stm32f4xx_hal_iwdg.o
LOAD ./system/src/stm32f4-hal/stm32f4xx_hal_pwr.o
LOAD ./system/src/stm32f4-hal/stm32f4xx_hal_rcc.o
LOAD ./system/src/newlib/_cxx.o
LOAD ./system/src/newlib/_exit.o
LOAD ./system/src/newlib/_sbrk.o
LOAD ./system/src/newlib/_startup.o
LOAD ./system/src/newlib/_syscalls.o
LOAD ./system/src/newlib/assert.o
LOAD ./system/src/diag/Trace.o
LOAD ./system/src/diag/trace_impl.o
LOAD ./system/src/cortexm/_initialize_hardware.o
LOAD ./system/src/cortexm/_reset_hardware.o
LOAD ./system/src/cortexm/exception_handlers.o
LOAD ./system/src/cmsis/system_stm32f4xx.o
LOAD ./system/src/cmsis/vectors_stm32f411xe.o
LOAD ./src/BlinkLed.o
LOAD ./src/Timer.o
LOAD ./src/_initialize_hardware.o
LOAD ./src/_write.o
LOAD ./src/main.o
LOAD ./src/stm32f4xx_hal_msp.o
LOAD /Users/dstrebel/EclipseWorkspace/tools/gcc-arm-none-eabi-8-2018-q4-major/bin/../lib/gcc/arm-none-eabi/8.2.1/../../../../arm-none-eabi/lib/thumb/v7e-m/nofp/libstdc++_nano.a
LOAD /Users/dstrebel/EclipseWorkspace/tools/gcc-arm-none-eabi-8-2018-q4-major/bin/../lib/gcc/arm-none-eabi/8.2.1/../../../../arm-none-eabi/lib/thumb/v7e-m/nofp/libm.a
START GROUP
LOAD /Users/dstrebel/EclipseWorkspace/tools/gcc-arm-none-eabi-8-2018-q4-major/bin/../lib/gcc/arm-none-eabi/8.2.1/thumb/v7e-m/nofp/libgcc.a
LOAD /Users/dstrebel/EclipseWorkspace/tools/gcc-arm-none-eabi-8-2018-q4-major/bin/../lib/gcc/arm-none-eabi/8.2.1/../../../../arm-none-eabi/lib/thumb/v7e-m/nofp/libg_nano.a
LOAD /Users/dstrebel/EclipseWorkspace/tools/gcc-arm-none-eabi-8-2018-q4-major/bin/../lib/gcc/arm-none-eabi/8.2.1/../../../../arm-none-eabi/lib/thumb/v7e-m/nofp/libc_nano.a
END GROUP
START GROUP
LOAD /Users/dstrebel/EclipseWorkspace/tools/gcc-arm-none-eabi-8-2018-q4-major/bin/../lib/gcc/arm-none-eabi/8.2.1/thumb/v7e-m/nofp/libgcc.a
LOAD /Users/dstrebel/EclipseWorkspace/tools/gcc-arm-none-eabi-8-2018-q4-major/bin/../lib/gcc/arm-none-eabi/8.2.1/../../../../arm-none-eabi/lib/thumb/v7e-m/nofp/libc_nano.a
END GROUP
                0x0000000020020000                __stack = (ORIGIN (RAM) + LENGTH (RAM))
                0x0000000020020000                _estack = __stack
                0x0000000000000400                __Main_Stack_Size = 0x400
                [!provide]                        PROVIDE (_Main_Stack_Size = __Main_Stack_Size)
                0x000000002001fc00                __Main_Stack_Limit = (__stack - __Main_Stack_Size)
                [!provide]                        PROVIDE (_Main_Stack_Limit = __Main_Stack_Limit)
                0x0000000000000100                _Minimum_Stack_Size = 0x100
                0x0000000020000128                PROVIDE (_Heap_Begin = _end_noinit)
                0x000000002001fc00                PROVIDE (_Heap_Limit = (__stack - __Main_Stack_Size))

.isr_vector     0x0000000008000000      0x3f8
 FILL mask 0xff
                0x0000000008000000                __vectors_start = ABSOLUTE (.)
                0x0000000008000000                __vectors_start__ = ABSOLUTE (.)
 *(.isr_vector)
 .isr_vector    0x0000000008000000      0x198 ./system/src/cmsis/vectors_stm32f411xe.o
                0x0000000008000000                __isr_vectors
 *(.cfmconfig)
 *(.after_vectors .after_vectors.*)
 .after_vectors
                0x0000000008000198      0x130 ./system/src/newlib/_startup.o
                0x0000000008000198                _start
 .after_vectors
                0x00000000080002c8      0x12c ./system/src/cortexm/exception_handlers.o
                0x00000000080002c8                Reset_Handler
                0x00000000080002ce                NMI_Handler
                0x00000000080002d2                HardFault_Handler
                0x00000000080002e6                HardFault_Handler_C
                0x0000000008000344                MemManage_Handler
                0x0000000008000348                BusFault_Handler
                0x000000000800035c                BusFault_Handler_C
                0x0000000008000390                UsageFault_Handler
                0x00000000080003a4                UsageFault_Handler_C
                0x00000000080003d8                SVC_Handler
                0x00000000080003dc                DebugMon_Handler
                0x00000000080003e0                PendSV_Handler
 .after_vectors
                0x00000000080003f4        0x4 ./system/src/cmsis/vectors_stm32f411xe.o
                0x00000000080003f4                DMA1_Stream3_IRQHandler
                0x00000000080003f4                EXTI2_IRQHandler
                0x00000000080003f4                SPI4_IRQHandler
                0x00000000080003f4                TIM1_CC_IRQHandler
                0x00000000080003f4                DMA2_Stream5_IRQHandler
                0x00000000080003f4                DMA1_Stream5_IRQHandler
                0x00000000080003f4                PVD_IRQHandler
                0x00000000080003f4                SDIO_IRQHandler
                0x00000000080003f4                TAMP_STAMP_IRQHandler
                0x00000000080003f4                EXTI3_IRQHandler
                0x00000000080003f4                TIM1_UP_TIM10_IRQHandler
                0x00000000080003f4                I2C3_ER_IRQHandler
                0x00000000080003f4                EXTI0_IRQHandler
                0x00000000080003f4                I2C2_EV_IRQHandler
                0x00000000080003f4                DMA1_Stream2_IRQHandler
                0x00000000080003f4                FPU_IRQHandler
                0x00000000080003f4                DMA2_Stream2_IRQHandler
                0x00000000080003f4                SPI1_IRQHandler
                0x00000000080003f4                TIM1_BRK_TIM9_IRQHandler
                0x00000000080003f4                DMA2_Stream3_IRQHandler
                0x00000000080003f4                USART6_IRQHandler
                0x00000000080003f4                DMA2_Stream0_IRQHandler
                0x00000000080003f4                TIM4_IRQHandler
                0x00000000080003f4                I2C1_EV_IRQHandler
                0x00000000080003f4                DMA1_Stream6_IRQHandler
                0x00000000080003f4                DMA1_Stream1_IRQHandler
                0x00000000080003f4                TIM3_IRQHandler
                0x00000000080003f4                RCC_IRQHandler
                0x00000000080003f4                Default_Handler
                0x00000000080003f4                EXTI15_10_IRQHandler
                0x00000000080003f4                ADC_IRQHandler
                0x00000000080003f4                DMA1_Stream7_IRQHandler
                0x00000000080003f4                SPI5_IRQHandler
                0x00000000080003f4                TIM5_IRQHandler
                0x00000000080003f4                DMA2_Stream7_IRQHandler
                0x00000000080003f4                I2C3_EV_IRQHandler
                0x00000000080003f4                EXTI9_5_IRQHandler
                0x00000000080003f4                RTC_WKUP_IRQHandler
                0x00000000080003f4                SPI2_IRQHandler
                0x00000000080003f4                DMA1_Stream0_IRQHandler
                0x00000000080003f4                EXTI4_IRQHandler
                0x00000000080003f4                WWDG_IRQHandler
                0x00000000080003f4                TIM2_IRQHandler
                0x00000000080003f4                OTG_FS_WKUP_IRQHandler
                0x00000000080003f4                TIM1_TRG_COM_TIM11_IRQHandler
                0x00000000080003f4                EXTI1_IRQHandler
                0x00000000080003f4                USART2_IRQHandler
                0x00000000080003f4                I2C2_ER_IRQHandler
                0x00000000080003f4                DMA2_Stream1_IRQHandler
                0x00000000080003f4                FLASH_IRQHandler
                0x00000000080003f4                DMA2_Stream4_IRQHandler
                0x00000000080003f4                USART1_IRQHandler
                0x00000000080003f4                OTG_FS_IRQHandler
                0x00000000080003f4                SPI3_IRQHandler
                0x00000000080003f4                DMA1_Stream4_IRQHandler
                0x00000000080003f4                I2C1_ER_IRQHandler
                0x00000000080003f4                DMA2_Stream6_IRQHandler
                0x00000000080003f4                RTC_Alarm_IRQHandler

.inits          0x00000000080003f8       0x28
                0x00000000080003f8                __data_regions_array_start = .
                0x00000000080003f8        0x4 LONG 0x80020d0 LOADADDR (.data)
                0x00000000080003fc        0x4 LONG 0x20000000 ADDR (.data)
                0x0000000008000400        0x4 LONG 0x20000078 (ADDR (.data) + SIZEOF (.data))
                0x0000000008000404        0x4 LONG 0x80020d0 LOADADDR (.data_CCMRAM)
                0x0000000008000408        0x4 LONG 0x10000000 ADDR (.data_CCMRAM)
                0x000000000800040c        0x4 LONG 0x10000000 (ADDR (.data_CCMRAM) + SIZEOF (.data_CCMRAM))
                0x0000000008000410                __data_regions_array_end = .
                0x0000000008000410                __bss_regions_array_start = .
                0x0000000008000410        0x4 LONG 0x20000078 ADDR (.bss)
                0x0000000008000414        0x4 LONG 0x20000128 (ADDR (.bss) + SIZEOF (.bss))
                0x0000000008000418        0x4 LONG 0x10000000 ADDR (.bss_CCMRAM)
                0x000000000800041c        0x4 LONG 0x10000000 (ADDR (.bss_CCMRAM) + SIZEOF (.bss_CCMRAM))
                0x0000000008000420                __bss_regions_array_end = .
 *(.init)
 *(.fini)
                0x0000000008000420                . = ALIGN (0x4)
                0x0000000008000420                PROVIDE (__preinit_array_start = .)
 *(.preinit_array_sysinit .preinit_array_sysinit.*)
 *(.preinit_array_platform .preinit_array_platform.*)
 *(.preinit_array .preinit_array.*)
                0x0000000008000420                PROVIDE (__preinit_array_end = .)
                0x0000000008000420                . = ALIGN (0x4)
                0x0000000008000420                PROVIDE (__init_array_start = .)
 *(SORT_BY_NAME(.init_array.*))
 *(.init_array)
                0x0000000008000420                PROVIDE (__init_array_end = .)
                0x0000000008000420                . = ALIGN (0x4)
                0x0000000008000420                PROVIDE (__fini_array_start = .)
 *(SORT_BY_NAME(.fini_array.*))
 *(.fini_array)
                0x0000000008000420                PROVIDE (__fini_array_end = .)

.flashtext
 *(.flashtext .flashtext.*)

.text           0x0000000008000420     0x1caf
 *(.text .text.*)
 .text.HAL_InitTick
                0x0000000008000420       0x2c ./system/src/stm32f4-hal/stm32f4xx_hal.o
                0x0000000008000420                HAL_InitTick
 .text.HAL_Init
                0x000000000800044c       0x34 ./system/src/stm32f4-hal/stm32f4xx_hal.o
                0x000000000800044c                HAL_Init
 .text.HAL_IncTick
                0x0000000008000480       0x10 ./system/src/stm32f4-hal/stm32f4xx_hal.o
                0x0000000008000480                HAL_IncTick
 .text.HAL_GetTick
                0x0000000008000490        0xc ./system/src/stm32f4-hal/stm32f4xx_hal.o
                0x0000000008000490                HAL_GetTick
 .text.HAL_NVIC_SetPriorityGrouping
                0x000000000800049c       0x3c ./system/src/stm32f4-hal/stm32f4xx_hal_cortex.o
                0x000000000800049c                HAL_NVIC_SetPriorityGrouping
 .text.HAL_NVIC_SetPriority
                0x00000000080004d8       0x8c ./system/src/stm32f4-hal/stm32f4xx_hal_cortex.o
                0x00000000080004d8                HAL_NVIC_SetPriority
 .text.HAL_SYSTICK_Config
                0x0000000008000564       0x2c ./system/src/stm32f4-hal/stm32f4xx_hal_cortex.o
                0x0000000008000564                HAL_SYSTICK_Config
 .text.HAL_SYSTICK_CLKSourceConfig
                0x0000000008000590       0x3c ./system/src/stm32f4-hal/stm32f4xx_hal_cortex.o
                0x0000000008000590                HAL_SYSTICK_CLKSourceConfig
 .text.HAL_GPIO_Init
                0x00000000080005cc      0x2b0 ./system/src/stm32f4-hal/stm32f4xx_hal_gpio.o
                0x00000000080005cc                HAL_GPIO_Init
 .text.HAL_GPIO_WritePin
                0x000000000800087c       0x38 ./system/src/stm32f4-hal/stm32f4xx_hal_gpio.o
                0x000000000800087c                HAL_GPIO_WritePin
 .text.HAL_RCC_OscConfig
                0x00000000080008b4      0x43c ./system/src/stm32f4-hal/stm32f4xx_hal_rcc.o
                0x00000000080008b4                HAL_RCC_OscConfig
 .text.HAL_RCC_GetSysClockFreq
                0x0000000008000cf0       0x94 ./system/src/stm32f4-hal/stm32f4xx_hal_rcc.o
                0x0000000008000cf0                HAL_RCC_GetSysClockFreq
 .text.HAL_RCC_ClockConfig
                0x0000000008000d84      0x258 ./system/src/stm32f4-hal/stm32f4xx_hal_rcc.o
                0x0000000008000d84                HAL_RCC_ClockConfig
 .text.HAL_RCC_GetHCLKFreq
                0x0000000008000fdc        0xc ./system/src/stm32f4-hal/stm32f4xx_hal_rcc.o
                0x0000000008000fdc                HAL_RCC_GetHCLKFreq
 .text._exit    0x0000000008000fe8        0x2 ./system/src/newlib/_exit.o
                0x0000000008000fe8                _exit
 *fill*         0x0000000008000fea        0x2 
 .text.abort    0x0000000008000fec       0x14 ./system/src/newlib/_exit.o
                0x0000000008000fec                abort
 .text._sbrk    0x0000000008001000       0x44 ./system/src/newlib/_sbrk.o
                0x0000000008001000                _sbrk
 .text.__initialize_args
                0x0000000008001044       0x10 ./system/src/newlib/_syscalls.o
                0x0000000008001044                __initialize_args
 .text.assert_failed
                0x0000000008001054       0x14 ./system/src/newlib/assert.o
                0x0000000008001054                assert_failed
 .text.trace_printf
                0x0000000008001068       0x34 ./system/src/diag/Trace.o
                0x0000000008001068                trace_printf
 .text.trace_puts
                0x000000000800109c       0x20 ./system/src/diag/Trace.o
                0x000000000800109c                trace_puts
 .text._trace_write_semihosting_debug
                0x00000000080010bc       0x60 ./system/src/diag/trace_impl.o
 .text.trace_write
                0x000000000800111c        0x8 ./system/src/diag/trace_impl.o
                0x000000000800111c                trace_write
 .text.__initialize_hardware_early
                0x0000000008001124       0x18 ./system/src/cortexm/_initialize_hardware.o
                0x0000000008001124                __initialize_hardware_early
 .text.dumpExceptionStack
                0x000000000800113c       0xf4 ./system/src/cortexm/exception_handlers.o
                0x000000000800113c                dumpExceptionStack
 .text.isSemihosting
                0x0000000008001230       0x20 ./system/src/cortexm/exception_handlers.o
                0x0000000008001230                isSemihosting
 .text.SystemInit
                0x0000000008001250       0x40 ./system/src/cmsis/system_stm32f4xx.o
                0x0000000008001250                SystemInit
 .text.SystemCoreClockUpdate
                0x0000000008001290       0xa0 ./system/src/cmsis/system_stm32f4xx.o
                0x0000000008001290                SystemCoreClockUpdate
 .text.blink_led_init
                0x0000000008001330       0x40 ./src/BlinkLed.o
                0x0000000008001330                blink_led_init
 .text.timer_start
                0x0000000008001370       0x3c ./src/Timer.o
                0x0000000008001370                timer_start
 .text.timer_sleep
                0x00000000080013ac       0x14 ./src/Timer.o
                0x00000000080013ac                timer_sleep
 .text.timer_tick
                0x00000000080013c0       0x14 ./src/Timer.o
                0x00000000080013c0                timer_tick
 .text.SysTick_Handler
                0x00000000080013d4        0xc ./src/Timer.o
                0x00000000080013d4                SysTick_Handler
 .text.SystemClock_Config
                0x00000000080013e0       0x98 ./src/_initialize_hardware.o
                0x00000000080013e0                SystemClock_Config
 .text.__initialize_hardware
                0x0000000008001478       0x10 ./src/_initialize_hardware.o
                0x0000000008001478                __initialize_hardware
 .text.main     0x0000000008001488       0x6c ./src/main.o
                0x0000000008001488                main
 .text.HAL_MspInit
                0x00000000080014f4        0x2 ./src/stm32f4xx_hal_msp.o
                0x00000000080014f4                HAL_MspInit
 *fill*         0x00000000080014f6        0x2 
 .text.__errno  0x00000000080014f8        0xc /Users/dstrebel/EclipseWorkspace/tools/gcc-arm-none-eabi-8-2018-q4-major/bin/../lib/gcc/arm-none-eabi/8.2.1/../../../../arm-none-eabi/lib/thumb/v7e-m/nofp/libg_nano.a(lib_a-errno.o)
                0x00000000080014f8                __errno
 .text          0x0000000008001504       0x10 /Users/dstrebel/EclipseWorkspace/tools/gcc-arm-none-eabi-8-2018-q4-major/bin/../lib/gcc/arm-none-eabi/8.2.1/../../../../arm-none-eabi/lib/thumb/v7e-m/nofp/libg_nano.a(lib_a-strlen.o)
                0x0000000008001504                strlen
 .text._vsnprintf_r
                0x0000000008001514       0x58 /Users/dstrebel/EclipseWorkspace/tools/gcc-arm-none-eabi-8-2018-q4-major/bin/../lib/gcc/arm-none-eabi/8.2.1/../../../../arm-none-eabi/lib/thumb/v7e-m/nofp/libg_nano.a(lib_a-vsnprintf.o)
                0x0000000008001514                _vsnprintf_r
                0x0000000008001514                _vsniprintf_r
 .text.vsnprintf
                0x000000000800156c       0x1c /Users/dstrebel/EclipseWorkspace/tools/gcc-arm-none-eabi-8-2018-q4-major/bin/../lib/gcc/arm-none-eabi/8.2.1/../../../../arm-none-eabi/lib/thumb/v7e-m/nofp/libg_nano.a(lib_a-vsnprintf.o)
                0x000000000800156c                vsnprintf
                0x000000000800156c                vsniprintf
 .text.__ssputs_r
                0x0000000008001588       0xb6 /Users/dstrebel/EclipseWorkspace/tools/gcc-arm-none-eabi-8-2018-q4-major/bin/../lib/gcc/arm-none-eabi/8.2.1/../../../../arm-none-eabi/lib/thumb/v7e-m/nofp/libg_nano.a(lib_a-nano-svfprintf.o)
                0x0000000008001588                __ssputs_r
 *fill*         0x000000000800163e        0x2 
 .text._svfprintf_r
                0x0000000008001640      0x1f0 /Users/dstrebel/EclipseWorkspace/tools/gcc-arm-none-eabi-8-2018-q4-major/bin/../lib/gcc/arm-none-eabi/8.2.1/../../../../arm-none-eabi/lib/thumb/v7e-m/nofp/libg_nano.a(lib_a-nano-svfprintf.o)
                0x0000000008001640                _svfprintf_r
                0x0000000008001640                _svfiprintf_r
 .text._printf_common
                0x0000000008001830       0xea /Users/dstrebel/EclipseWorkspace/tools/gcc-arm-none-eabi-8-2018-q4-major/bin/../lib/gcc/arm-none-eabi/8.2.1/../../../../arm-none-eabi/lib/thumb/v7e-m/nofp/libg_nano.a(lib_a-nano-vfprintf_i.o)
                0x0000000008001830                _printf_common
 *fill*         0x000000000800191a        0x2 
 .text._printf_i
                0x000000000800191c      0x228 /Users/dstrebel/EclipseWorkspace/tools/gcc-arm-none-eabi-8-2018-q4-major/bin/../lib/gcc/arm-none-eabi/8.2.1/../../../../arm-none-eabi/lib/thumb/v7e-m/nofp/libg_nano.a(lib_a-nano-vfprintf_i.o)
                0x000000000800191c                _printf_i
 *fill*         0x0000000008001b44        0xc 
 .text          0x0000000008001b50       0xa0 /Users/dstrebel/EclipseWorkspace/tools/gcc-arm-none-eabi-8-2018-q4-major/bin/../lib/gcc/arm-none-eabi/8.2.1/../../../../arm-none-eabi/lib/thumb/v7e-m/nofp/libg_nano.a(lib_a-memchr.o)
                0x0000000008001b50                memchr
 .text.memcpy   0x0000000008001bf0       0x1c /Users/dstrebel/EclipseWorkspace/tools/gcc-arm-none-eabi-8-2018-q4-major/bin/../lib/gcc/arm-none-eabi/8.2.1/../../../../arm-none-eabi/lib/thumb/v7e-m/nofp/libg_nano.a(lib_a-memcpy-stub.o)
                0x0000000008001bf0                memcpy
 .text.memmove  0x0000000008001c0c       0x34 /Users/dstrebel/EclipseWorkspace/tools/gcc-arm-none-eabi-8-2018-q4-major/bin/../lib/gcc/arm-none-eabi/8.2.1/../../../../arm-none-eabi/lib/thumb/v7e-m/nofp/libg_nano.a(lib_a-memmove.o)
                0x0000000008001c0c                memmove
 .text._free_r  0x0000000008001c40       0x9c /Users/dstrebel/EclipseWorkspace/tools/gcc-arm-none-eabi-8-2018-q4-major/bin/../lib/gcc/arm-none-eabi/8.2.1/../../../../arm-none-eabi/lib/thumb/v7e-m/nofp/libg_nano.a(lib_a-nano-freer.o)
                0x0000000008001c40                _free_r
 .text._malloc_r
                0x0000000008001cdc       0xb4 /Users/dstrebel/EclipseWorkspace/tools/gcc-arm-none-eabi-8-2018-q4-major/bin/../lib/gcc/arm-none-eabi/8.2.1/../../../../arm-none-eabi/lib/thumb/v7e-m/nofp/libg_nano.a(lib_a-nano-mallocr.o)
                0x0000000008001cdc                _malloc_r
 .text._realloc_r
                0x0000000008001d90       0x4c /Users/dstrebel/EclipseWorkspace/tools/gcc-arm-none-eabi-8-2018-q4-major/bin/../lib/gcc/arm-none-eabi/8.2.1/../../../../arm-none-eabi/lib/thumb/v7e-m/nofp/libg_nano.a(lib_a-nano-reallocr.o)
                0x0000000008001d90                _realloc_r
 .text._sbrk_r  0x0000000008001ddc       0x20 /Users/dstrebel/EclipseWorkspace/tools/gcc-arm-none-eabi-8-2018-q4-major/bin/../lib/gcc/arm-none-eabi/8.2.1/../../../../arm-none-eabi/lib/thumb/v7e-m/nofp/libg_nano.a(lib_a-sbrkr.o)
                0x0000000008001ddc                _sbrk_r
 .text.__malloc_lock
                0x0000000008001dfc        0xc /Users/dstrebel/EclipseWorkspace/tools/gcc-arm-none-eabi-8-2018-q4-major/bin/../lib/gcc/arm-none-eabi/8.2.1/../../../../arm-none-eabi/lib/thumb/v7e-m/nofp/libg_nano.a(lib_a-mlock.o)
                0x0000000008001dfc                __malloc_lock
 .text.__malloc_unlock
                0x0000000008001e08        0xc /Users/dstrebel/EclipseWorkspace/tools/gcc-arm-none-eabi-8-2018-q4-major/bin/../lib/gcc/arm-none-eabi/8.2.1/../../../../arm-none-eabi/lib/thumb/v7e-m/nofp/libg_nano.a(lib_a-mlock.o)
                0x0000000008001e08                __malloc_unlock
 .text._malloc_usable_size_r
                0x0000000008001e14       0x10 /Users/dstrebel/EclipseWorkspace/tools/gcc-arm-none-eabi-8-2018-q4-major/bin/../lib/gcc/arm-none-eabi/8.2.1/../../../../arm-none-eabi/lib/thumb/v7e-m/nofp/libg_nano.a(lib_a-nano-msizer.o)
                0x0000000008001e14                _malloc_usable_size_r
 .text.__retarget_lock_acquire_recursive
                0x0000000008001e24        0x2 /Users/dstrebel/EclipseWorkspace/tools/gcc-arm-none-eabi-8-2018-q4-major/bin/../lib/gcc/arm-none-eabi/8.2.1/../../../../arm-none-eabi/lib/thumb/v7e-m/nofp/libg_nano.a(lib_a-lock.o)
                0x0000000008001e24                __retarget_lock_acquire_recursive
 .text.__retarget_lock_release_recursive
                0x0000000008001e26        0x2 /Users/dstrebel/EclipseWorkspace/tools/gcc-arm-none-eabi-8-2018-q4-major/bin/../lib/gcc/arm-none-eabi/8.2.1/../../../../arm-none-eabi/lib/thumb/v7e-m/nofp/libg_nano.a(lib_a-lock.o)
                0x0000000008001e26                __retarget_lock_release_recursive
 *(.rodata .rodata.* .constdata .constdata.*)
 .rodata.HAL_NVIC_SetPriorityGrouping.str1.4
                0x0000000008001e28       0x31 ./system/src/stm32f4-hal/stm32f4xx_hal_cortex.o
 *fill*         0x0000000008001e59        0x3 
 .rodata.HAL_GPIO_Init.str1.4
                0x0000000008001e5c       0x2f ./system/src/stm32f4-hal/stm32f4xx_hal_gpio.o
 *fill*         0x0000000008001e8b        0x1 
 .rodata.APBAHBPrescTable
                0x0000000008001e8c       0x10 ./system/src/stm32f4-hal/stm32f4xx_hal_rcc.o
                0x0000000008001e8c                APBAHBPrescTable
 .rodata.HAL_RCC_OscConfig.str1.4
                0x0000000008001e9c       0x2e ./system/src/stm32f4-hal/stm32f4xx_hal_rcc.o
 *fill*         0x0000000008001eca        0x2 
 .rodata.abort.str1.4
                0x0000000008001ecc       0x14 ./system/src/newlib/_exit.o
 .rodata.assert_failed.str1.4
                0x0000000008001ee0       0x2b ./system/src/newlib/assert.o
 .rodata.trace_puts.str1.4
                0x0000000008001f0b       0x2b ./system/src/diag/Trace.o
                                          0x2 (size before relaxing)
 *fill*         0x0000000008001f0b        0x1 
 .rodata.dumpExceptionStack.str1.4
                0x0000000008001f0c      0x11a ./system/src/cortexm/exception_handlers.o
 *fill*         0x0000000008002026        0x2 
 .rodata.str1.4
                0x0000000008002028       0x2a ./system/src/cortexm/exception_handlers.o
 *fill*         0x0000000008002052        0x2 
 .rodata.AHBPrescTable
                0x0000000008002054       0x10 ./system/src/cmsis/system_stm32f4xx.o
                0x0000000008002054                AHBPrescTable
 .rodata.main.str1.4
                0x0000000008002064       0x38 ./src/main.o
                                         0x37 (size before relaxing)
 .rodata._svfprintf_r.str1.1
                0x000000000800209c       0x11 /Users/dstrebel/EclipseWorkspace/tools/gcc-arm-none-eabi-8-2018-q4-major/bin/../lib/gcc/arm-none-eabi/8.2.1/../../../../arm-none-eabi/lib/thumb/v7e-m/nofp/libg_nano.a(lib_a-nano-svfprintf.o)
 .rodata._printf_i.str1.1
                0x00000000080020ad       0x22 /Users/dstrebel/EclipseWorkspace/tools/gcc-arm-none-eabi-8-2018-q4-major/bin/../lib/gcc/arm-none-eabi/8.2.1/../../../../arm-none-eabi/lib/thumb/v7e-m/nofp/libg_nano.a(lib_a-nano-vfprintf_i.o)
 *(vtable)
 *(.eh_frame*)
 *(.glue_7)
 .glue_7        0x00000000080020cf        0x0 linker stubs
 *(.glue_7t)
 .glue_7t       0x00000000080020cf        0x0 linker stubs

.vfp11_veneer   0x00000000080020d0        0x0
 .vfp11_veneer  0x00000000080020d0        0x0 linker stubs

.v4_bx          0x00000000080020d0        0x0
 .v4_bx         0x00000000080020d0        0x0 linker stubs

.iplt           0x00000000080020d0        0x0
 .iplt          0x00000000080020d0        0x0 ./system/src/stm32f4-hal/stm32f4xx_hal.o

.rel.dyn        0x00000000080020d0        0x0
 .rel.iplt      0x00000000080020d0        0x0 ./system/src/stm32f4-hal/stm32f4xx_hal.o

.ARM.extab
 *(.ARM.extab* .gnu.linkonce.armextab.*)
                0x00000000080020d0                . = ALIGN (0x4)
                0x00000000080020d0                __exidx_start = .

.ARM.exidx
 *(.ARM.exidx* .gnu.linkonce.armexidx.*)
                0x00000000080020d0                __exidx_end = .
                0x00000000080020d0                . = ALIGN (0x4)
                0x00000000080020d0                _etext = .
                0x00000000080020d0                __etext = .

.data_CCMRAM    0x0000000010000000        0x0 load address 0x00000000080020d0
 FILL mask 0xff
 *(.data.CCMRAM .data.CCMRAM.*)
                0x0000000010000000                . = ALIGN (0x4)
                0x00000000080020d0                _sidata = LOADADDR (.data)

.data           0x0000000020000000       0x78 load address 0x00000000080020d0
 FILL mask 0xff
                0x0000000020000000                _sdata = .
                0x0000000020000000                __data_start__ = .
 *(.data_begin .data_begin.*)
 .data_begin    0x0000000020000000        0x4 ./system/src/newlib/_startup.o
 *(.data .data.*)
 .data.argv.4374
                0x0000000020000004        0x8 ./system/src/newlib/_syscalls.o
 .data.SystemCoreClock
                0x000000002000000c        0x4 ./system/src/cmsis/system_stm32f4xx.o
                0x000000002000000c                SystemCoreClock
 .data._impure_ptr
                0x0000000020000010        0x4 /Users/dstrebel/EclipseWorkspace/tools/gcc-arm-none-eabi-8-2018-q4-major/bin/../lib/gcc/arm-none-eabi/8.2.1/../../../../arm-none-eabi/lib/thumb/v7e-m/nofp/libg_nano.a(lib_a-impure.o)
                0x0000000020000010                _impure_ptr
 .data.impure_data
                0x0000000020000014       0x60 /Users/dstrebel/EclipseWorkspace/tools/gcc-arm-none-eabi-8-2018-q4-major/bin/../lib/gcc/arm-none-eabi/8.2.1/../../../../arm-none-eabi/lib/thumb/v7e-m/nofp/libg_nano.a(lib_a-impure.o)
 *(.data_end .data_end.*)
 .data_end      0x0000000020000074        0x4 ./system/src/newlib/_startup.o
                0x0000000020000078                . = ALIGN (0x4)
                0x0000000020000078                _edata = .
                0x0000000020000078                __data_end__ = .

.igot.plt       0x0000000020000078        0x0 load address 0x0000000008002148
 .igot.plt      0x0000000020000078        0x0 ./system/src/stm32f4-hal/stm32f4xx_hal.o

.bss_CCMRAM     0x0000000010000000        0x0
 *(.bss.CCMRAM .bss.CCMRAM.*)

.bss            0x0000000020000078       0xb0
                0x0000000020000078                __bss_start__ = .
                0x0000000020000078                _sbss = .
 *(.bss_begin .bss_begin.*)
 .bss_begin     0x0000000020000078        0x4 ./system/src/newlib/_startup.o
 *(.bss .bss.*)
 .bss.current_heap_end.4004
                0x000000002000007c        0x4 ./system/src/newlib/_sbrk.o
 .bss.name.4373
                0x0000000020000080        0x1 ./system/src/newlib/_syscalls.o
 *fill*         0x0000000020000081        0x3 
 .bss.buf.5248  0x0000000020000084       0x80 ./system/src/diag/Trace.o
 .bss.__malloc_free_list
                0x0000000020000104        0x4 /Users/dstrebel/EclipseWorkspace/tools/gcc-arm-none-eabi-8-2018-q4-major/bin/../lib/gcc/arm-none-eabi/8.2.1/../../../../arm-none-eabi/lib/thumb/v7e-m/nofp/libg_nano.a(lib_a-nano-mallocr.o)
                0x0000000020000104                __malloc_free_list
 .bss.__malloc_sbrk_start
                0x0000000020000108        0x4 /Users/dstrebel/EclipseWorkspace/tools/gcc-arm-none-eabi-8-2018-q4-major/bin/../lib/gcc/arm-none-eabi/8.2.1/../../../../arm-none-eabi/lib/thumb/v7e-m/nofp/libg_nano.a(lib_a-nano-mallocr.o)
                0x0000000020000108                __malloc_sbrk_start
 *(COMMON)
 COMMON         0x000000002000010c        0x4 ./system/src/stm32f4-hal/stm32f4xx_hal.o
                0x000000002000010c                uwTick
 COMMON         0x0000000020000110        0x4 ./system/src/newlib/_syscalls.o
                0x0000000020000110                errno
 COMMON         0x0000000020000114        0x4 ./src/Timer.o
                0x0000000020000114                timer_delayCount
 COMMON         0x0000000020000118        0x9 /Users/dstrebel/EclipseWorkspace/tools/gcc-arm-none-eabi-8-2018-q4-major/bin/../lib/gcc/arm-none-eabi/8.2.1/../../../../arm-none-eabi/lib/thumb/v7e-m/nofp/libg_nano.a(lib_a-lock.o)
                0x0000000020000118                __lock___atexit_recursive_mutex
                0x0000000020000119                __lock___arc4random_mutex
                0x000000002000011a                __lock___env_recursive_mutex
                0x000000002000011b                __lock___sinit_recursive_mutex
                0x000000002000011c                __lock___malloc_recursive_mutex
                0x000000002000011d                __lock___at_quick_exit_mutex
                0x000000002000011e                __lock___dd_hash_mutex
                0x000000002000011f                __lock___tz_mutex
                0x0000000020000120                __lock___sfp_recursive_mutex
 *(.bss_end .bss_end.*)
 *fill*         0x0000000020000121        0x3 
 .bss_end       0x0000000020000124        0x4 ./system/src/newlib/_startup.o
                0x0000000020000128                . = ALIGN (0x4)
                0x0000000020000128                __bss_end__ = .
                0x0000000020000128                _ebss = .

.noinit_CCMRAM
 *(.noinit.CCMRAM .noinit.CCMRAM.*)

.noinit         0x0000000020000128        0x0
                0x0000000020000128                _noinit = .
 *(.noinit .noinit.*)
                0x0000000020000128                . = ALIGN (0x4)
                0x0000000020000128                _end_noinit = .
                [!provide]                        PROVIDE (end = _end_noinit)
                [!provide]                        PROVIDE (_end = _end_noinit)
                [!provide]                        PROVIDE (__end = _end_noinit)
                [!provide]                        PROVIDE (__end__ = _end_noinit)

._check_stack   0x0000000020000128      0x100
                0x0000000020000228                . = (. + _Minimum_Stack_Size)
 *fill*         0x0000000020000128      0x100 

.b1text
 *(.b1text)
 *(.b1rodata)
 *(.b1rodata.*)

.eb0text
 *(.eb0text)
 *(.eb0rodata)
 *(.eb0rodata.*)

.eb1text
 *(.eb1text)
 *(.eb1rodata)
 *(.eb1rodata.*)

.eb2text
 *(.eb2text)
 *(.eb2rodata)
 *(.eb2rodata.*)

.eb3text
 *(.eb3text)
 *(.eb3rodata)
 *(.eb3rodata.*)

.stab
 *(.stab)

.stabstr
 *(.stabstr)

.stab.excl
 *(.stab.excl)

.stab.exclstr
 *(.stab.exclstr)

.stab.index
 *(.stab.index)

.stab.indexstr
 *(.stab.indexstr)

.comment        0x0000000000000000       0x75
 *(.comment)
 .comment       0x0000000000000000       0x75 ./system/src/stm32f4-hal/stm32f4xx_hal.o
                                         0x76 (size before relaxing)
 .comment       0x0000000000000075       0x76 ./system/src/stm32f4-hal/stm32f4xx_hal_cortex.o
 .comment       0x0000000000000075       0x76 ./system/src/stm32f4-hal/stm32f4xx_hal_gpio.o
 .comment       0x0000000000000075       0x76 ./system/src/stm32f4-hal/stm32f4xx_hal_rcc.o
 .comment       0x0000000000000075       0x76 ./system/src/newlib/_exit.o
 .comment       0x0000000000000075       0x76 ./system/src/newlib/_sbrk.o
 .comment       0x0000000000000075       0x76 ./system/src/newlib/_startup.o
 .comment       0x0000000000000075       0x76 ./system/src/newlib/_syscalls.o
 .comment       0x0000000000000075       0x76 ./system/src/newlib/assert.o
 .comment       0x0000000000000075       0x76 ./system/src/diag/Trace.o
 .comment       0x0000000000000075       0x76 ./system/src/diag/trace_impl.o
 .comment       0x0000000000000075       0x76 ./system/src/cortexm/_initialize_hardware.o
 .comment       0x0000000000000075       0x76 ./system/src/cortexm/exception_handlers.o
 .comment       0x0000000000000075       0x76 ./system/src/cmsis/system_stm32f4xx.o
 .comment       0x0000000000000075       0x76 ./system/src/cmsis/vectors_stm32f411xe.o
 .comment       0x0000000000000075       0x76 ./src/BlinkLed.o
 .comment       0x0000000000000075       0x76 ./src/Timer.o
 .comment       0x0000000000000075       0x76 ./src/_initialize_hardware.o
 .comment       0x0000000000000075       0x76 ./src/main.o
 .comment       0x0000000000000075       0x76 ./src/stm32f4xx_hal_msp.o

.ARM.attributes
                0x0000000000000000       0x2c
 .ARM.attributes
                0x0000000000000000       0x2e ./system/src/stm32f4-hal/stm32f4xx_hal.o
 .ARM.attributes
                0x000000000000002e       0x2e ./system/src/stm32f4-hal/stm32f4xx_hal_cortex.o
 .ARM.attributes
                0x000000000000005c       0x2e ./system/src/stm32f4-hal/stm32f4xx_hal_gpio.o
 .ARM.attributes
                0x000000000000008a       0x2e ./system/src/stm32f4-hal/stm32f4xx_hal_rcc.o
 .ARM.attributes
                0x00000000000000b8       0x2e ./system/src/newlib/_exit.o
 .ARM.attributes
                0x00000000000000e6       0x2e ./system/src/newlib/_sbrk.o
 .ARM.attributes
                0x0000000000000114       0x2e ./system/src/newlib/_startup.o
 .ARM.attributes
                0x0000000000000142       0x2e ./system/src/newlib/_syscalls.o
 .ARM.attributes
                0x0000000000000170       0x2e ./system/src/newlib/assert.o
 .ARM.attributes
                0x000000000000019e       0x2e ./system/src/diag/Trace.o
 .ARM.attributes
                0x00000000000001cc       0x2e ./system/src/diag/trace_impl.o
 .ARM.attributes
                0x00000000000001fa       0x2e ./system/src/cortexm/_initialize_hardware.o
 .ARM.attributes
                0x0000000000000228       0x2e ./system/src/cortexm/exception_handlers.o
 .ARM.attributes
                0x0000000000000256       0x2e ./system/src/cmsis/system_stm32f4xx.o
 .ARM.attributes
                0x0000000000000284       0x2e ./system/src/cmsis/vectors_stm32f411xe.o
 .ARM.attributes
                0x00000000000002b2       0x2e ./src/BlinkLed.o
 .ARM.attributes
                0x00000000000002e0       0x2e ./src/Timer.o
 .ARM.attributes
                0x000000000000030e       0x2e ./src/_initialize_hardware.o
 .ARM.attributes
                0x000000000000033c       0x2e ./src/main.o
 .ARM.attributes
                0x000000000000036a       0x2e ./src/stm32f4xx_hal_msp.o
 .ARM.attributes
                0x0000000000000398       0x2e /Users/dstrebel/EclipseWorkspace/tools/gcc-arm-none-eabi-8-2018-q4-major/bin/../lib/gcc/arm-none-eabi/8.2.1/../../../../arm-none-eabi/lib/thumb/v7e-m/nofp/libg_nano.a(lib_a-errno.o)
 .ARM.attributes
                0x00000000000003c6       0x2e /Users/dstrebel/EclipseWorkspace/tools/gcc-arm-none-eabi-8-2018-q4-major/bin/../lib/gcc/arm-none-eabi/8.2.1/../../../../arm-none-eabi/lib/thumb/v7e-m/nofp/libg_nano.a(lib_a-impure.o)
 .ARM.attributes
                0x00000000000003f4       0x17 /Users/dstrebel/EclipseWorkspace/tools/gcc-arm-none-eabi-8-2018-q4-major/bin/../lib/gcc/arm-none-eabi/8.2.1/../../../../arm-none-eabi/lib/thumb/v7e-m/nofp/libg_nano.a(lib_a-strlen.o)
 .ARM.attributes
                0x000000000000040b       0x2e /Users/dstrebel/EclipseWorkspace/tools/gcc-arm-none-eabi-8-2018-q4-major/bin/../lib/gcc/arm-none-eabi/8.2.1/../../../../arm-none-eabi/lib/thumb/v7e-m/nofp/libg_nano.a(lib_a-vsnprintf.o)
 .ARM.attributes
                0x0000000000000439       0x2e /Users/dstrebel/EclipseWorkspace/tools/gcc-arm-none-eabi-8-2018-q4-major/bin/../lib/gcc/arm-none-eabi/8.2.1/../../../../arm-none-eabi/lib/thumb/v7e-m/nofp/libg_nano.a(lib_a-nano-svfprintf.o)
 .ARM.attributes
                0x0000000000000467       0x2e /Users/dstrebel/EclipseWorkspace/tools/gcc-arm-none-eabi-8-2018-q4-major/bin/../lib/gcc/arm-none-eabi/8.2.1/../../../../arm-none-eabi/lib/thumb/v7e-m/nofp/libg_nano.a(lib_a-nano-vfprintf_i.o)
 .ARM.attributes
                0x0000000000000495       0x1c /Users/dstrebel/EclipseWorkspace/tools/gcc-arm-none-eabi-8-2018-q4-major/bin/../lib/gcc/arm-none-eabi/8.2.1/../../../../arm-none-eabi/lib/thumb/v7e-m/nofp/libg_nano.a(lib_a-memchr.o)
 .ARM.attributes
                0x00000000000004b1       0x2e /Users/dstrebel/EclipseWorkspace/tools/gcc-arm-none-eabi-8-2018-q4-major/bin/../lib/gcc/arm-none-eabi/8.2.1/../../../../arm-none-eabi/lib/thumb/v7e-m/nofp/libg_nano.a(lib_a-memcpy-stub.o)
 .ARM.attributes
                0x00000000000004df       0x2e /Users/dstrebel/EclipseWorkspace/tools/gcc-arm-none-eabi-8-2018-q4-major/bin/../lib/gcc/arm-none-eabi/8.2.1/../../../../arm-none-eabi/lib/thumb/v7e-m/nofp/libg_nano.a(lib_a-memmove.o)
 .ARM.attributes
                0x000000000000050d       0x2e /Users/dstrebel/EclipseWorkspace/tools/gcc-arm-none-eabi-8-2018-q4-major/bin/../lib/gcc/arm-none-eabi/8.2.1/../../../../arm-none-eabi/lib/thumb/v7e-m/nofp/libg_nano.a(lib_a-nano-freer.o)
 .ARM.attributes
                0x000000000000053b       0x2e /Users/dstrebel/EclipseWorkspace/tools/gcc-arm-none-eabi-8-2018-q4-major/bin/../lib/gcc/arm-none-eabi/8.2.1/../../../../arm-none-eabi/lib/thumb/v7e-m/nofp/libg_nano.a(lib_a-nano-mallocr.o)
 .ARM.attributes
                0x0000000000000569       0x2e /Users/dstrebel/EclipseWorkspace/tools/gcc-arm-none-eabi-8-2018-q4-major/bin/../lib/gcc/arm-none-eabi/8.2.1/../../../../arm-none-eabi/lib/thumb/v7e-m/nofp/libg_nano.a(lib_a-nano-reallocr.o)
 .ARM.attributes
                0x0000000000000597       0x2e /Users/dstrebel/EclipseWorkspace/tools/gcc-arm-none-eabi-8-2018-q4-major/bin/../lib/gcc/arm-none-eabi/8.2.1/../../../../arm-none-eabi/lib/thumb/v7e-m/nofp/libg_nano.a(lib_a-sbrkr.o)
 .ARM.attributes
                0x00000000000005c5       0x2e /Users/dstrebel/EclipseWorkspace/tools/gcc-arm-none-eabi-8-2018-q4-major/bin/../lib/gcc/arm-none-eabi/8.2.1/../../../../arm-none-eabi/lib/thumb/v7e-m/nofp/libg_nano.a(lib_a-mlock.o)
 .ARM.attributes
                0x00000000000005f3       0x2e /Users/dstrebel/EclipseWorkspace/tools/gcc-arm-none-eabi-8-2018-q4-major/bin/../lib/gcc/arm-none-eabi/8.2.1/../../../../arm-none-eabi/lib/thumb/v7e-m/nofp/libg_nano.a(lib_a-nano-msizer.o)
 .ARM.attributes
                0x0000000000000621       0x2e /Users/dstrebel/EclipseWorkspace/tools/gcc-arm-none-eabi-8-2018-q4-major/bin/../lib/gcc/arm-none-eabi/8.2.1/../../../../arm-none-eabi/lib/thumb/v7e-m/nofp/libg_nano.a(lib_a-lock.o)

.debug
 *(.debug)

.line
 *(.line)

.debug_srcinfo
 *(.debug_srcinfo)

.debug_sfnames
 *(.debug_sfnames)

.debug_aranges  0x0000000000000000      0x558
 *(.debug_aranges)
 .debug_aranges
                0x0000000000000000       0xc0 ./system/src/stm32f4-hal/stm32f4xx_hal.o
 .debug_aranges
                0x00000000000000c0       0x98 ./system/src/stm32f4-hal/stm32f4xx_hal_cortex.o
 .debug_aranges
                0x0000000000000158       0x58 ./system/src/stm32f4-hal/stm32f4xx_hal_gpio.o
 .debug_aranges
                0x00000000000001b0       0x88 ./system/src/stm32f4-hal/stm32f4xx_hal_rcc.o
 .debug_aranges
                0x0000000000000238       0x28 ./system/src/newlib/_exit.o
 .debug_aranges
                0x0000000000000260       0x20 ./system/src/newlib/_sbrk.o
 .debug_aranges
                0x0000000000000280       0x40 ./system/src/newlib/_startup.o
 .debug_aranges
                0x00000000000002c0       0x30 ./system/src/newlib/_syscalls.o
 .debug_aranges
                0x00000000000002f0       0x28 ./system/src/newlib/assert.o
 .debug_aranges
                0x0000000000000318       0x38 ./system/src/diag/Trace.o
 .debug_aranges
                0x0000000000000350       0x30 ./system/src/diag/trace_impl.o
 .debug_aranges
                0x0000000000000380       0x28 ./system/src/cortexm/_initialize_hardware.o
 .debug_aranges
                0x00000000000003a8       0x90 ./system/src/cortexm/exception_handlers.o
 .debug_aranges
                0x0000000000000438       0x28 ./system/src/cmsis/system_stm32f4xx.o
 .debug_aranges
                0x0000000000000460       0x20 ./system/src/cmsis/vectors_stm32f411xe.o
 .debug_aranges
                0x0000000000000480       0x20 ./src/BlinkLed.o
 .debug_aranges
                0x00000000000004a0       0x38 ./src/Timer.o
 .debug_aranges
                0x00000000000004d8       0x28 ./src/_initialize_hardware.o
 .debug_aranges
                0x0000000000000500       0x20 ./src/main.o
 .debug_aranges
                0x0000000000000520       0x38 ./src/stm32f4xx_hal_msp.o

.debug_pubnames
 *(.debug_pubnames)

.debug_info     0x0000000000000000    0x10c05
 *(.debug_info .gnu.linkonce.wi.*)
 .debug_info    0x0000000000000000     0x1192 ./system/src/stm32f4-hal/stm32f4xx_hal.o
 .debug_info    0x0000000000001192     0x1aab ./system/src/stm32f4-hal/stm32f4xx_hal_cortex.o
 .debug_info    0x0000000000002c3d     0x1205 ./system/src/stm32f4-hal/stm32f4xx_hal_gpio.o
 .debug_info    0x0000000000003e42     0x19d7 ./system/src/stm32f4-hal/stm32f4xx_hal_rcc.o
 .debug_info    0x0000000000005819      0x9e7 ./system/src/newlib/_exit.o
 .debug_info    0x0000000000006200      0x9d4 ./system/src/newlib/_sbrk.o
 .debug_info    0x0000000000006bd4      0x591 ./system/src/newlib/_startup.o
 .debug_info    0x0000000000007165      0xab9 ./system/src/newlib/_syscalls.o
 .debug_info    0x0000000000007c1e      0xaaa ./system/src/newlib/assert.o
 .debug_info    0x00000000000086c8      0xbdb ./system/src/diag/Trace.o
 .debug_info    0x00000000000092a3      0xc46 ./system/src/diag/trace_impl.o
 .debug_info    0x0000000000009ee9      0xb7f ./system/src/cortexm/_initialize_hardware.o
 .debug_info    0x000000000000aa68     0x1296 ./system/src/cortexm/exception_handlers.o
 .debug_info    0x000000000000bcfe      0xdd9 ./system/src/cmsis/system_stm32f4xx.o
 .debug_info    0x000000000000cad7       0xce ./system/src/cmsis/vectors_stm32f411xe.o
 .debug_info    0x000000000000cba5      0xcfa ./src/BlinkLed.o
 .debug_info    0x000000000000d89f      0xf89 ./src/Timer.o
 .debug_info    0x000000000000e828      0xe04 ./src/_initialize_hardware.o
 .debug_info    0x000000000000f62c      0xc42 ./src/main.o
 .debug_info    0x000000000001026e      0x997 ./src/stm32f4xx_hal_msp.o

.debug_abbrev   0x0000000000000000     0x34df
 *(.debug_abbrev)
 .debug_abbrev  0x0000000000000000      0x384 ./system/src/stm32f4-hal/stm32f4xx_hal.o
 .debug_abbrev  0x0000000000000384      0x479 ./system/src/stm32f4-hal/stm32f4xx_hal_cortex.o
 .debug_abbrev  0x00000000000007fd      0x32f ./system/src/stm32f4-hal/stm32f4xx_hal_gpio.o
 .debug_abbrev  0x0000000000000b2c      0x404 ./system/src/stm32f4-hal/stm32f4xx_hal_rcc.o
 .debug_abbrev  0x0000000000000f30      0x222 ./system/src/newlib/_exit.o
 .debug_abbrev  0x0000000000001152      0x232 ./system/src/newlib/_sbrk.o
 .debug_abbrev  0x0000000000001384      0x203 ./system/src/newlib/_startup.o
 .debug_abbrev  0x0000000000001587      0x26d ./system/src/newlib/_syscalls.o
 .debug_abbrev  0x00000000000017f4      0x222 ./system/src/newlib/assert.o
 .debug_abbrev  0x0000000000001a16      0x2c6 ./system/src/diag/Trace.o
 .debug_abbrev  0x0000000000001cdc      0x34e ./system/src/diag/trace_impl.o
 .debug_abbrev  0x000000000000202a      0x20a ./system/src/cortexm/_initialize_hardware.o
 .debug_abbrev  0x0000000000002234      0x372 ./system/src/cortexm/exception_handlers.o
 .debug_abbrev  0x00000000000025a6      0x250 ./system/src/cmsis/system_stm32f4xx.o
 .debug_abbrev  0x00000000000027f6       0xa5 ./system/src/cmsis/vectors_stm32f411xe.o
 .debug_abbrev  0x000000000000289b      0x26e ./src/BlinkLed.o
 .debug_abbrev  0x0000000000002b09      0x301 ./src/Timer.o
 .debug_abbrev  0x0000000000002e0a      0x25d ./src/_initialize_hardware.o
 .debug_abbrev  0x0000000000003067      0x29f ./src/main.o
 .debug_abbrev  0x0000000000003306      0x1d9 ./src/stm32f4xx_hal_msp.o

.debug_line     0x0000000000000000     0xc365
 *(.debug_line)
 .debug_line    0x0000000000000000      0xcd3 ./system/src/stm32f4-hal/stm32f4xx_hal.o
 .debug_line    0x0000000000000cd3     0x1009 ./system/src/stm32f4-hal/stm32f4xx_hal_cortex.o
 .debug_line    0x0000000000001cdc     0x104c ./system/src/stm32f4-hal/stm32f4xx_hal_gpio.o
 .debug_line    0x0000000000002d28     0x1586 ./system/src/stm32f4-hal/stm32f4xx_hal_rcc.o
 .debug_line    0x00000000000042ae      0x3ae ./system/src/newlib/_exit.o
 .debug_line    0x000000000000465c      0x39f ./system/src/newlib/_sbrk.o
 .debug_line    0x00000000000049fb      0x618 ./system/src/newlib/_startup.o
 .debug_line    0x0000000000005013      0x4c1 ./system/src/newlib/_syscalls.o
 .debug_line    0x00000000000054d4      0x3f1 ./system/src/newlib/assert.o
 .debug_line    0x00000000000058c5      0x48a ./system/src/diag/Trace.o
 .debug_line    0x0000000000005d4f      0xb89 ./system/src/diag/trace_impl.o
 .debug_line    0x00000000000068d8      0xa85 ./system/src/cortexm/_initialize_hardware.o
 .debug_line    0x000000000000735d      0xd6b ./system/src/cortexm/exception_handlers.o
 .debug_line    0x00000000000080c8      0xb48 ./system/src/cmsis/system_stm32f4xx.o
 .debug_line    0x0000000000008c10      0x123 ./system/src/cmsis/vectors_stm32f411xe.o
 .debug_line    0x0000000000008d33      0xa7f ./src/BlinkLed.o
 .debug_line    0x00000000000097b2      0xb44 ./src/Timer.o
 .debug_line    0x000000000000a2f6      0xae6 ./src/_initialize_hardware.o
 .debug_line    0x000000000000addc      0xb13 ./src/main.o
 .debug_line    0x000000000000b8ef      0xa76 ./src/stm32f4xx_hal_msp.o

.debug_frame    0x0000000000000000      0xe50
 *(.debug_frame)
 .debug_frame   0x0000000000000000      0x188 ./system/src/stm32f4-hal/stm32f4xx_hal.o
 .debug_frame   0x0000000000000188      0x17c ./system/src/stm32f4-hal/stm32f4xx_hal_cortex.o
 .debug_frame   0x0000000000000304       0xfc ./system/src/stm32f4-hal/stm32f4xx_hal_gpio.o
 .debug_frame   0x0000000000000400      0x13c ./system/src/stm32f4-hal/stm32f4xx_hal_rcc.o
 .debug_frame   0x000000000000053c       0x38 ./system/src/newlib/_exit.o
 .debug_frame   0x0000000000000574       0x28 ./system/src/newlib/_sbrk.o
 .debug_frame   0x000000000000059c       0x7c ./system/src/newlib/_startup.o
 .debug_frame   0x0000000000000618       0x50 ./system/src/newlib/_syscalls.o
 .debug_frame   0x0000000000000668       0x40 ./system/src/newlib/assert.o
 .debug_frame   0x00000000000006a8       0x94 ./system/src/diag/Trace.o
 .debug_frame   0x000000000000073c       0x64 ./system/src/diag/trace_impl.o
 .debug_frame   0x00000000000007a0       0x40 ./system/src/cortexm/_initialize_hardware.o
 .debug_frame   0x00000000000007e0      0x158 ./system/src/cortexm/exception_handlers.o
 .debug_frame   0x0000000000000938       0x30 ./system/src/cmsis/system_stm32f4xx.o
 .debug_frame   0x0000000000000968       0x20 ./system/src/cmsis/vectors_stm32f411xe.o
 .debug_frame   0x0000000000000988       0x30 ./src/BlinkLed.o
 .debug_frame   0x00000000000009b8       0x58 ./src/Timer.o
 .debug_frame   0x0000000000000a10       0x4c ./src/_initialize_hardware.o
 .debug_frame   0x0000000000000a5c       0x28 ./src/main.o
 .debug_frame   0x0000000000000a84       0x50 ./src/stm32f4xx_hal_msp.o
 .debug_frame   0x0000000000000ad4       0x20 /Users/dstrebel/EclipseWorkspace/tools/gcc-arm-none-eabi-8-2018-q4-major/bin/../lib/gcc/arm-none-eabi/8.2.1/../../../../arm-none-eabi/lib/thumb/v7e-m/nofp/libg_nano.a(lib_a-errno.o)
 .debug_frame   0x0000000000000af4       0x4c /Users/dstrebel/EclipseWorkspace/tools/gcc-arm-none-eabi-8-2018-q4-major/bin/../lib/gcc/arm-none-eabi/8.2.1/../../../../arm-none-eabi/lib/thumb/v7e-m/nofp/libg_nano.a(lib_a-vsnprintf.o)
 .debug_frame   0x0000000000000b40       0x90 /Users/dstrebel/EclipseWorkspace/tools/gcc-arm-none-eabi-8-2018-q4-major/bin/../lib/gcc/arm-none-eabi/8.2.1/../../../../arm-none-eabi/lib/thumb/v7e-m/nofp/libg_nano.a(lib_a-nano-svfprintf.o)
 .debug_frame   0x0000000000000bd0       0x60 /Users/dstrebel/EclipseWorkspace/tools/gcc-arm-none-eabi-8-2018-q4-major/bin/../lib/gcc/arm-none-eabi/8.2.1/../../../../arm-none-eabi/lib/thumb/v7e-m/nofp/libg_nano.a(lib_a-nano-vfprintf_i.o)
 .debug_frame   0x0000000000000c30       0x28 /Users/dstrebel/EclipseWorkspace/tools/gcc-arm-none-eabi-8-2018-q4-major/bin/../lib/gcc/arm-none-eabi/8.2.1/../../../../arm-none-eabi/lib/thumb/v7e-m/nofp/libg_nano.a(lib_a-memcpy-stub.o)
 .debug_frame   0x0000000000000c58       0x28 /Users/dstrebel/EclipseWorkspace/tools/gcc-arm-none-eabi-8-2018-q4-major/bin/../lib/gcc/arm-none-eabi/8.2.1/../../../../arm-none-eabi/lib/thumb/v7e-m/nofp/libg_nano.a(lib_a-memmove.o)
 .debug_frame   0x0000000000000c80       0x38 /Users/dstrebel/EclipseWorkspace/tools/gcc-arm-none-eabi-8-2018-q4-major/bin/../lib/gcc/arm-none-eabi/8.2.1/../../../../arm-none-eabi/lib/thumb/v7e-m/nofp/libg_nano.a(lib_a-nano-freer.o)
 .debug_frame   0x0000000000000cb8       0x30 /Users/dstrebel/EclipseWorkspace/tools/gcc-arm-none-eabi-8-2018-q4-major/bin/../lib/gcc/arm-none-eabi/8.2.1/../../../../arm-none-eabi/lib/thumb/v7e-m/nofp/libg_nano.a(lib_a-nano-mallocr.o)
 .debug_frame   0x0000000000000ce8       0x3c /Users/dstrebel/EclipseWorkspace/tools/gcc-arm-none-eabi-8-2018-q4-major/bin/../lib/gcc/arm-none-eabi/8.2.1/../../../../arm-none-eabi/lib/thumb/v7e-m/nofp/libg_nano.a(lib_a-nano-reallocr.o)
 .debug_frame   0x0000000000000d24       0x2c /Users/dstrebel/EclipseWorkspace/tools/gcc-arm-none-eabi-8-2018-q4-major/bin/../lib/gcc/arm-none-eabi/8.2.1/../../../../arm-none-eabi/lib/thumb/v7e-m/nofp/libg_nano.a(lib_a-sbrkr.o)
 .debug_frame   0x0000000000000d50       0x30 /Users/dstrebel/EclipseWorkspace/tools/gcc-arm-none-eabi-8-2018-q4-major/bin/../lib/gcc/arm-none-eabi/8.2.1/../../../../arm-none-eabi/lib/thumb/v7e-m/nofp/libg_nano.a(lib_a-mlock.o)
 .debug_frame   0x0000000000000d80       0x20 /Users/dstrebel/EclipseWorkspace/tools/gcc-arm-none-eabi-8-2018-q4-major/bin/../lib/gcc/arm-none-eabi/8.2.1/../../../../arm-none-eabi/lib/thumb/v7e-m/nofp/libg_nano.a(lib_a-nano-msizer.o)
 .debug_frame   0x0000000000000da0       0xb0 /Users/dstrebel/EclipseWorkspace/tools/gcc-arm-none-eabi-8-2018-q4-major/bin/../lib/gcc/arm-none-eabi/8.2.1/../../../../arm-none-eabi/lib/thumb/v7e-m/nofp/libg_nano.a(lib_a-lock.o)

.debug_str      0x0000000000000000    0x74368
 *(.debug_str)
 .debug_str     0x0000000000000000    0x70609 ./system/src/stm32f4-hal/stm32f4xx_hal.o
                                      0x70a3a (size before relaxing)
 .debug_str     0x0000000000070609      0x39d ./system/src/stm32f4-hal/stm32f4xx_hal_cortex.o
                                      0x708a4 (size before relaxing)
 .debug_str     0x00000000000709a6      0x2dd ./system/src/stm32f4-hal/stm32f4xx_hal_gpio.o
                                      0x70424 (size before relaxing)
 .debug_str     0x0000000000070c83      0x393 ./system/src/stm32f4-hal/stm32f4xx_hal_rcc.o
                                      0x705b2 (size before relaxing)
 .debug_str     0x0000000000071016     0x10ff ./system/src/newlib/_exit.o
                                       0x7e97 (size before relaxing)
 .debug_str     0x0000000000072115      0x4f5 ./system/src/newlib/_sbrk.o
                                       0x7249 (size before relaxing)
 .debug_str     0x000000000007260a      0x2c6 ./system/src/newlib/_startup.o
                                       0x69ea (size before relaxing)
 .debug_str     0x00000000000728d0      0xf90 ./system/src/newlib/_syscalls.o
                                       0x8238 (size before relaxing)
 .debug_str     0x0000000000073860       0xd0 ./system/src/newlib/assert.o
                                       0x899c (size before relaxing)
 .debug_str     0x0000000000073930      0x176 ./system/src/diag/Trace.o
                                       0x860f (size before relaxing)
 .debug_str     0x0000000000073aa6      0x37b ./system/src/diag/trace_impl.o
                                      0x7132f (size before relaxing)
 .debug_str     0x0000000000073e21       0x5e ./system/src/cortexm/_initialize_hardware.o
                                      0x700c1 (size before relaxing)
 .debug_str     0x0000000000073e7f      0x19d ./system/src/cortexm/exception_handlers.o
                                      0x714b9 (size before relaxing)
 .debug_str     0x000000000007401c       0x46 ./system/src/cmsis/system_stm32f4xx.o
                                      0x701a2 (size before relaxing)
 .debug_str     0x0000000000074062       0x59 ./system/src/cmsis/vectors_stm32f411xe.o
                                       0x3931 (size before relaxing)
 .debug_str     0x00000000000740bb      0x12f ./src/BlinkLed.o
                                      0x70288 (size before relaxing)
 .debug_str     0x00000000000741ea       0x76 ./src/Timer.o
                                      0x70553 (size before relaxing)
 .debug_str     0x0000000000074260       0x31 ./src/_initialize_hardware.o
                                      0x702b8 (size before relaxing)
 .debug_str     0x0000000000074291       0x9a ./src/main.o
                                      0x7131f (size before relaxing)
 .debug_str     0x000000000007432b       0x3d ./src/stm32f4xx_hal_msp.o
                                      0x70009 (size before relaxing)

.debug_loc      0x0000000000000000     0x26ff
 *(.debug_loc)
 .debug_loc     0x0000000000000000       0xdb ./system/src/stm32f4-hal/stm32f4xx_hal.o
 .debug_loc     0x00000000000000db      0x8cf ./system/src/stm32f4-hal/stm32f4xx_hal_cortex.o
 .debug_loc     0x00000000000009aa      0x683 ./system/src/stm32f4-hal/stm32f4xx_hal_gpio.o
 .debug_loc     0x000000000000102d      0x7a1 ./system/src/stm32f4-hal/stm32f4xx_hal_rcc.o
 .debug_loc     0x00000000000017ce       0x15 ./system/src/newlib/_exit.o
 .debug_loc     0x00000000000017e3       0x97 ./system/src/newlib/_sbrk.o
 .debug_loc     0x000000000000187a      0x465 ./system/src/newlib/_startup.o
 .debug_loc     0x0000000000001cdf       0x6f ./system/src/newlib/_syscalls.o
 .debug_loc     0x0000000000001d4e      0x160 ./system/src/newlib/assert.o
 .debug_loc     0x0000000000001eae      0x118 ./system/src/diag/Trace.o
 .debug_loc     0x0000000000001fc6      0x1a1 ./system/src/diag/trace_impl.o
 .debug_loc     0x0000000000002167      0x35c ./system/src/cortexm/exception_handlers.o
 .debug_loc     0x00000000000024c3      0x16c ./system/src/cmsis/system_stm32f4xx.o
 .debug_loc     0x000000000000262f       0x63 ./src/Timer.o
 .debug_loc     0x0000000000002692       0x6d ./src/main.o

.debug_macinfo
 *(.debug_macinfo)

.debug_weaknames
 *(.debug_weaknames)

.debug_funcnames
 *(.debug_funcnames)

.debug_typenames
 *(.debug_typenames)

.debug_varnames
 *(.debug_varnames)
OUTPUT(opencd_test2.elf elf32-littlearm)

.debug_ranges   0x0000000000000000      0x4f0
 .debug_ranges  0x0000000000000000       0xb0 ./system/src/stm32f4-hal/stm32f4xx_hal.o
 .debug_ranges  0x00000000000000b0       0xe8 ./system/src/stm32f4-hal/stm32f4xx_hal_cortex.o
 .debug_ranges  0x0000000000000198       0x48 ./system/src/stm32f4-hal/stm32f4xx_hal_gpio.o
 .debug_ranges  0x00000000000001e0       0x78 ./system/src/stm32f4-hal/stm32f4xx_hal_rcc.o
 .debug_ranges  0x0000000000000258       0x18 ./system/src/newlib/_exit.o
 .debug_ranges  0x0000000000000270       0x10 ./system/src/newlib/_sbrk.o
 .debug_ranges  0x0000000000000280       0x78 ./system/src/newlib/_startup.o
 .debug_ranges  0x00000000000002f8       0x20 ./system/src/newlib/_syscalls.o
 .debug_ranges  0x0000000000000318       0x18 ./system/src/newlib/assert.o
 .debug_ranges  0x0000000000000330       0x28 ./system/src/diag/Trace.o
 .debug_ranges  0x0000000000000358       0x38 ./system/src/diag/trace_impl.o
 .debug_ranges  0x0000000000000390       0x18 ./system/src/cortexm/_initialize_hardware.o
 .debug_ranges  0x00000000000003a8       0x98 ./system/src/cortexm/exception_handlers.o
 .debug_ranges  0x0000000000000440       0x18 ./system/src/cmsis/system_stm32f4xx.o
 .debug_ranges  0x0000000000000458       0x10 ./system/src/cmsis/vectors_stm32f411xe.o
 .debug_ranges  0x0000000000000468       0x10 ./src/BlinkLed.o
 .debug_ranges  0x0000000000000478       0x28 ./src/Timer.o
 .debug_ranges  0x00000000000004a0       0x18 ./src/_initialize_hardware.o
 .debug_ranges  0x00000000000004b8       0x10 ./src/main.o
 .debug_ranges  0x00000000000004c8       0x28 ./src/stm32f4xx_hal_msp.o

.debug_macro    0x0000000000000000    0x164df
 .debug_macro   0x0000000000000000      0x532 ./system/src/stm32f4-hal/stm32f4xx_hal.o
 .debug_macro   0x0000000000000532      0xaa2 ./system/src/stm32f4-hal/stm32f4xx_hal.o
 .debug_macro   0x0000000000000fd4      0x289 ./system/src/stm32f4-hal/stm32f4xx_hal.o
 .debug_macro   0x000000000000125d       0x31 ./system/src/stm32f4-hal/stm32f4xx_hal.o
 .debug_macro   0x000000000000128e       0x28 ./system/src/stm32f4-hal/stm32f4xx_hal.o
 .debug_macro   0x00000000000012b6      0x34e ./system/src/stm32f4-hal/stm32f4xx_hal.o
 .debug_macro   0x0000000000001604       0x35 ./system/src/stm32f4-hal/stm32f4xx_hal.o
 .debug_macro   0x0000000000001639       0x50 ./system/src/stm32f4-hal/stm32f4xx_hal.o
 .debug_macro   0x0000000000001689      0xe66 ./system/src/stm32f4-hal/stm32f4xx_hal.o
 .debug_macro   0x00000000000024ef     0x5102 ./system/src/stm32f4-hal/stm32f4xx_hal.o
 .debug_macro   0x00000000000075f1       0x43 ./system/src/stm32f4-hal/stm32f4xx_hal.o
 .debug_macro   0x0000000000007634     0x347f ./system/src/stm32f4-hal/stm32f4xx_hal.o
 .debug_macro   0x000000000000aab3       0x22 ./system/src/stm32f4-hal/stm32f4xx_hal.o
 .debug_macro   0x000000000000aad5       0x58 ./system/src/stm32f4-hal/stm32f4xx_hal.o
 .debug_macro   0x000000000000ab2d       0x18 ./system/src/stm32f4-hal/stm32f4xx_hal.o
 .debug_macro   0x000000000000ab45       0x94 ./system/src/stm32f4-hal/stm32f4xx_hal.o
 .debug_macro   0x000000000000abd9       0x35 ./system/src/stm32f4-hal/stm32f4xx_hal.o
 .debug_macro   0x000000000000ac0e       0x34 ./system/src/stm32f4-hal/stm32f4xx_hal.o
 .debug_macro   0x000000000000ac42       0x16 ./system/src/stm32f4-hal/stm32f4xx_hal.o
 .debug_macro   0x000000000000ac58       0x57 ./system/src/stm32f4-hal/stm32f4xx_hal.o
 .debug_macro   0x000000000000acaf       0x97 ./system/src/stm32f4-hal/stm32f4xx_hal.o
 .debug_macro   0x000000000000ad46      0x339 ./system/src/stm32f4-hal/stm32f4xx_hal.o
 .debug_macro   0x000000000000b07f       0xfd ./system/src/stm32f4-hal/stm32f4xx_hal.o
 .debug_macro   0x000000000000b17c       0x10 ./system/src/stm32f4-hal/stm32f4xx_hal.o
 .debug_macro   0x000000000000b18c       0x58 ./system/src/stm32f4-hal/stm32f4xx_hal.o
 .debug_macro   0x000000000000b1e4       0x1f ./system/src/stm32f4-hal/stm32f4xx_hal.o
 .debug_macro   0x000000000000b203       0x43 ./system/src/stm32f4-hal/stm32f4xx_hal.o
 .debug_macro   0x000000000000b246       0x20 ./system/src/stm32f4-hal/stm32f4xx_hal.o
 .debug_macro   0x000000000000b266      0x18e ./system/src/stm32f4-hal/stm32f4xx_hal.o
 .debug_macro   0x000000000000b3f4       0x10 ./system/src/stm32f4-hal/stm32f4xx_hal.o
 .debug_macro   0x000000000000b404       0x6a ./system/src/stm32f4-hal/stm32f4xx_hal.o
 .debug_macro   0x000000000000b46e       0x1c ./system/src/stm32f4-hal/stm32f4xx_hal.o
 .debug_macro   0x000000000000b48a       0x52 ./system/src/stm32f4-hal/stm32f4xx_hal.o
 .debug_macro   0x000000000000b4dc       0x40 ./system/src/stm32f4-hal/stm32f4xx_hal.o
 .debug_macro   0x000000000000b51c       0x10 ./system/src/stm32f4-hal/stm32f4xx_hal.o
 .debug_macro   0x000000000000b52c       0x40 ./system/src/stm32f4-hal/stm32f4xx_hal.o
 .debug_macro   0x000000000000b56c       0xd7 ./system/src/stm32f4-hal/stm32f4xx_hal.o
 .debug_macro   0x000000000000b643       0x1c ./system/src/stm32f4-hal/stm32f4xx_hal.o
 .debug_macro   0x000000000000b65f       0x3d ./system/src/stm32f4-hal/stm32f4xx_hal.o
 .debug_macro   0x000000000000b69c       0x16 ./system/src/stm32f4-hal/stm32f4xx_hal.o
 .debug_macro   0x000000000000b6b2      0x16f ./system/src/stm32f4-hal/stm32f4xx_hal.o
 .debug_macro   0x000000000000b821       0x57 ./system/src/stm32f4-hal/stm32f4xx_hal.o
 .debug_macro   0x000000000000b878      0x45c ./system/src/stm32f4-hal/stm32f4xx_hal.o
 .debug_macro   0x000000000000bcd4      0x9e1 ./system/src/stm32f4-hal/stm32f4xx_hal.o
 .debug_macro   0x000000000000c6b5      0x11e ./system/src/stm32f4-hal/stm32f4xx_hal.o
 .debug_macro   0x000000000000c7d3      0x11b ./system/src/stm32f4-hal/stm32f4xx_hal.o
 .debug_macro   0x000000000000c8ee       0x27 ./system/src/stm32f4-hal/stm32f4xx_hal.o
 .debug_macro   0x000000000000c915      0x287 ./system/src/stm32f4-hal/stm32f4xx_hal.o
 .debug_macro   0x000000000000cb9c       0x5f ./system/src/stm32f4-hal/stm32f4xx_hal.o
 .debug_macro   0x000000000000cbfb      0x23a ./system/src/stm32f4-hal/stm32f4xx_hal.o
 .debug_macro   0x000000000000ce35      0x391 ./system/src/stm32f4-hal/stm32f4xx_hal.o
 .debug_macro   0x000000000000d1c6      0x176 ./system/src/stm32f4-hal/stm32f4xx_hal.o
 .debug_macro   0x000000000000d33c       0xf9 ./system/src/stm32f4-hal/stm32f4xx_hal.o
 .debug_macro   0x000000000000d435       0x23 ./system/src/stm32f4-hal/stm32f4xx_hal.o
 .debug_macro   0x000000000000d458      0x13a ./system/src/stm32f4-hal/stm32f4xx_hal.o
 .debug_macro   0x000000000000d592      0x264 ./system/src/stm32f4-hal/stm32f4xx_hal.o
 .debug_macro   0x000000000000d7f6       0x2e ./system/src/stm32f4-hal/stm32f4xx_hal.o
 .debug_macro   0x000000000000d824      0x1a7 ./system/src/stm32f4-hal/stm32f4xx_hal.o
 .debug_macro   0x000000000000d9cb       0x22 ./system/src/stm32f4-hal/stm32f4xx_hal.o
 .debug_macro   0x000000000000d9ed       0xa5 ./system/src/stm32f4-hal/stm32f4xx_hal.o
 .debug_macro   0x000000000000da92      0x18b ./system/src/stm32f4-hal/stm32f4xx_hal.o
 .debug_macro   0x000000000000dc1d       0x24 ./system/src/stm32f4-hal/stm32f4xx_hal.o
 .debug_macro   0x000000000000dc41       0x35 ./system/src/stm32f4-hal/stm32f4xx_hal.o
 .debug_macro   0x000000000000dc76       0x79 ./system/src/stm32f4-hal/stm32f4xx_hal.o
 .debug_macro   0x000000000000dcef      0x11e ./system/src/stm32f4-hal/stm32f4xx_hal.o
 .debug_macro   0x000000000000de0d       0x85 ./system/src/stm32f4-hal/stm32f4xx_hal.o
 .debug_macro   0x000000000000de92       0x89 ./system/src/stm32f4-hal/stm32f4xx_hal.o
 .debug_macro   0x000000000000df1b      0x31a ./system/src/stm32f4-hal/stm32f4xx_hal.o
 .debug_macro   0x000000000000e235      0x409 ./system/src/stm32f4-hal/stm32f4xx_hal.o
 .debug_macro   0x000000000000e63e       0xe4 ./system/src/stm32f4-hal/stm32f4xx_hal.o
 .debug_macro   0x000000000000e722      0x48d ./system/src/stm32f4-hal/stm32f4xx_hal.o
 .debug_macro   0x000000000000ebaf      0x22b ./system/src/stm32f4-hal/stm32f4xx_hal.o
 .debug_macro   0x000000000000edda      0x202 ./system/src/stm32f4-hal/stm32f4xx_hal.o
 .debug_macro   0x000000000000efdc      0x6d9 ./system/src/stm32f4-hal/stm32f4xx_hal.o
 .debug_macro   0x000000000000f6b5       0x5b ./system/src/stm32f4-hal/stm32f4xx_hal.o
 .debug_macro   0x000000000000f710      0x14d ./system/src/stm32f4-hal/stm32f4xx_hal.o
 .debug_macro   0x000000000000f85d      0x287 ./system/src/stm32f4-hal/stm32f4xx_hal.o
 .debug_macro   0x000000000000fae4      0x225 ./system/src/stm32f4-hal/stm32f4xx_hal.o
 .debug_macro   0x000000000000fd09      0x1b5 ./system/src/stm32f4-hal/stm32f4xx_hal.o
 .debug_macro   0x000000000000febe      0x2db ./system/src/stm32f4-hal/stm32f4xx_hal.o
 .debug_macro   0x0000000000010199       0x89 ./system/src/stm32f4-hal/stm32f4xx_hal.o
 .debug_macro   0x0000000000010222      0x1df ./system/src/stm32f4-hal/stm32f4xx_hal.o
 .debug_macro   0x0000000000010401      0x115 ./system/src/stm32f4-hal/stm32f4xx_hal.o
 .debug_macro   0x0000000000010516       0x6e ./system/src/stm32f4-hal/stm32f4xx_hal.o
 .debug_macro   0x0000000000010584      0x11e ./system/src/stm32f4-hal/stm32f4xx_hal.o
 .debug_macro   0x00000000000106a2      0x4e4 ./system/src/stm32f4-hal/stm32f4xx_hal_cortex.o
 .debug_macro   0x0000000000010b86      0x51c ./system/src/stm32f4-hal/stm32f4xx_hal_gpio.o
 .debug_macro   0x00000000000110a2      0x50e ./system/src/stm32f4-hal/stm32f4xx_hal_rcc.o
 .debug_macro   0x00000000000115b0      0x1b4 ./system/src/newlib/_exit.o
 .debug_macro   0x0000000000011764      0x10e ./system/src/newlib/_exit.o
 .debug_macro   0x0000000000011872       0x8d ./system/src/newlib/_exit.o
 .debug_macro   0x00000000000118ff       0x35 ./system/src/newlib/_exit.o
 .debug_macro   0x0000000000011934      0x169 ./system/src/newlib/_sbrk.o
 .debug_macro   0x0000000000011a9d      0x174 ./system/src/newlib/_sbrk.o
 .debug_macro   0x0000000000011c11       0x10 ./system/src/newlib/_sbrk.o
 .debug_macro   0x0000000000011c21      0x23b ./system/src/newlib/_sbrk.o
 .debug_macro   0x0000000000011e5c      0x173 ./system/src/newlib/_startup.o
 .debug_macro   0x0000000000011fcf      0xaa8 ./system/src/newlib/_startup.o
 .debug_macro   0x0000000000012a77      0x226 ./system/src/newlib/_syscalls.o
 .debug_macro   0x0000000000012c9d       0x1c ./system/src/newlib/_syscalls.o
 .debug_macro   0x0000000000012cb9       0x10 ./system/src/newlib/_syscalls.o
 .debug_macro   0x0000000000012cc9       0x10 ./system/src/newlib/_syscalls.o
 .debug_macro   0x0000000000012cd9       0x10 ./system/src/newlib/_syscalls.o
 .debug_macro   0x0000000000012ce9       0x35 ./system/src/newlib/_syscalls.o
 .debug_macro   0x0000000000012d1e      0x122 ./system/src/newlib/_syscalls.o
 .debug_macro   0x0000000000012e40       0x88 ./system/src/newlib/_syscalls.o
 .debug_macro   0x0000000000012ec8       0x7c ./system/src/newlib/_syscalls.o
 .debug_macro   0x0000000000012f44       0x17 ./system/src/newlib/_syscalls.o
 .debug_macro   0x0000000000012f5b      0x118 ./system/src/newlib/_syscalls.o
 .debug_macro   0x0000000000013073      0x189 ./system/src/newlib/_syscalls.o
 .debug_macro   0x00000000000131fc       0x16 ./system/src/newlib/_syscalls.o
 .debug_macro   0x0000000000013212      0x1d0 ./system/src/newlib/assert.o
 .debug_macro   0x00000000000133e2       0x1c ./system/src/newlib/assert.o
 .debug_macro   0x00000000000133fe      0x1fb ./system/src/diag/Trace.o
 .debug_macro   0x00000000000135f9       0x4c ./system/src/diag/Trace.o
 .debug_macro   0x0000000000013645       0x16 ./system/src/diag/Trace.o
 .debug_macro   0x000000000001365b      0x52a ./system/src/diag/trace_impl.o
 .debug_macro   0x0000000000013b85       0x22 ./system/src/diag/trace_impl.o
 .debug_macro   0x0000000000013ba7      0x4ee ./system/src/cortexm/_initialize_hardware.o
 .debug_macro   0x0000000000014095      0x557 ./system/src/cortexm/exception_handlers.o
 .debug_macro   0x00000000000145ec       0x3b ./system/src/cortexm/exception_handlers.o
 .debug_macro   0x0000000000014627      0x4ea ./system/src/cmsis/system_stm32f4xx.o
 .debug_macro   0x0000000000014b11       0x34 ./system/src/cmsis/vectors_stm32f411xe.o
 .debug_macro   0x0000000000014b45      0x4f3 ./src/BlinkLed.o
 .debug_macro   0x0000000000015038       0x28 ./src/BlinkLed.o
 .debug_macro   0x0000000000015060      0x507 ./src/Timer.o
 .debug_macro   0x0000000000015567       0x10 ./src/Timer.o
 .debug_macro   0x0000000000015577      0x4e4 ./src/_initialize_hardware.o
 .debug_macro   0x0000000000015a5b      0x572 ./src/main.o
 .debug_macro   0x0000000000015fcd       0x2e ./src/main.o
 .debug_macro   0x0000000000015ffb      0x4e4 ./src/stm32f4xx_hal_msp.o
